// Jest Snapshot v1, https://goo.gl/fbAQLP

exports[`TypescriptParser isAsync Flag should parse async functions correctly 1`] = `
Array [
  FunctionDeclaration {
    "end": 205,
    "isAsync": false,
    "isExported": false,
    "name": "func",
    "parameters": Array [],
    "start": 180,
    "type": "void",
    "variables": Array [],
  },
  FunctionDeclaration {
    "end": 251,
    "isAsync": true,
    "isExported": false,
    "name": "asyncFunc",
    "parameters": Array [],
    "start": 206,
    "type": "Promise<void>",
    "variables": Array [],
  },
  FunctionDeclaration {
    "end": 293,
    "isAsync": true,
    "isExported": false,
    "name": "asyncFuncWithoutType",
    "parameters": Array [],
    "start": 252,
    "type": undefined,
    "variables": Array [],
  },
  FunctionDeclaration {
    "end": 335,
    "isAsync": false,
    "isExported": false,
    "name": "promiseFunc",
    "parameters": Array [],
    "start": 294,
    "type": "Promise<void>",
    "variables": Array [],
  },
]
`;

exports[`TypescriptParser isAsync Flag should parse the given async elements in a class 1`] = `
ClassDeclaration {
  "accessors": Array [],
  "end": 178,
  "isExported": false,
  "methods": Array [
    MethodDeclaration {
      "end": 56,
      "isAbstract": false,
      "isAsync": true,
      "isOptional": false,
      "isStatic": true,
      "name": "staticAsync",
      "parameters": Array [],
      "start": 19,
      "type": undefined,
      "variables": Array [],
      "visibility": 2,
    },
    MethodDeclaration {
      "end": 84,
      "isAbstract": false,
      "isAsync": false,
      "isOptional": false,
      "isStatic": false,
      "name": "func",
      "parameters": Array [],
      "start": 61,
      "type": "void",
      "variables": Array [],
      "visibility": 2,
    },
    MethodDeclaration {
      "end": 132,
      "isAbstract": false,
      "isAsync": true,
      "isOptional": false,
      "isStatic": false,
      "name": "asyncFunc",
      "parameters": Array [],
      "start": 89,
      "type": "Promise<void>",
      "variables": Array [],
      "visibility": 2,
    },
    MethodDeclaration {
      "end": 176,
      "isAbstract": false,
      "isAsync": true,
      "isOptional": false,
      "isStatic": false,
      "name": "asyncFuncWithoutType",
      "parameters": Array [],
      "start": 137,
      "type": undefined,
      "variables": Array [],
      "visibility": 2,
    },
  ],
  "name": "Class1",
  "properties": Array [],
  "start": 0,
}
`;
