// Jest Snapshot v1, https://goo.gl/fbAQLP

exports[`DeclarationIndex - specific case "reindex-with-global-module" should parse the declarations 1`] = `
Array [
  DeclarationInfo {
    "declaration": ModuleDeclaration {
      "end": 206,
      "name": "someModule",
      "start": 74,
    },
    "from": "some-module",
  },
]
`;

exports[`DeclarationIndex - specific case "reindex-with-global-module" should parse the declarations 2`] = `
Array [
  DeclarationInfo {
    "declaration": InterfaceDeclaration {
      "end": 70,
      "isExported": true,
      "methods": Array [],
      "name": "SomeInterface",
      "properties": Array [],
      "start": 36,
    },
    "from": "some-module",
  },
]
`;

exports[`DeclarationIndex - specific case "reindex-with-global-module" should parse the declarations 3`] = `
Array [
  DeclarationInfo {
    "declaration": ClassDeclaration {
      "accessors": Array [],
      "end": 61,
      "isExported": true,
      "methods": Array [
        MethodDeclaration {
          "end": 59,
          "isAbstract": false,
          "name": "doSomething",
          "parameters": Array [],
          "start": 29,
          "tsNode": NodeObject {
            "_children": Array [
              NodeObject {
                "_children": Array [
                  TokenObject {
                    "end": 35,
                    "flags": 0,
                    "kind": 114,
                    "parent": [Circular],
                    "pos": 23,
                  },
                ],
                "end": 35,
                "flags": 0,
                "kind": 295,
                "parent": [Circular],
                "pos": 23,
                "transformFlags": undefined,
              },
              IdentifierObject {
                "end": 47,
                "flags": 0,
                "parent": [Circular],
                "pos": 35,
                "text": "doSomething",
              },
              TokenObject {
                "end": 48,
                "flags": 0,
                "kind": 19,
                "parent": [Circular],
                "pos": 47,
              },
              NodeObject {
                "_children": Array [],
                "end": 48,
                "flags": 0,
                "kind": 295,
                "parent": [Circular],
                "pos": 48,
                "transformFlags": undefined,
              },
              TokenObject {
                "end": 49,
                "flags": 0,
                "kind": 20,
                "parent": [Circular],
                "pos": 48,
              },
              TokenObject {
                "end": 50,
                "flags": 0,
                "kind": 56,
                "parent": [Circular],
                "pos": 49,
              },
              TokenObject {
                "end": 55,
                "flags": 0,
                "kind": 105,
                "parent": [Circular],
                "pos": 50,
              },
              NodeObject {
                "_children": Array [
                  TokenObject {
                    "end": 57,
                    "flags": 0,
                    "kind": 17,
                    "parent": [Circular],
                    "pos": 55,
                  },
                  NodeObject {
                    "_children": Array [],
                    "end": 57,
                    "flags": 0,
                    "kind": 295,
                    "parent": [Circular],
                    "pos": 57,
                    "transformFlags": undefined,
                  },
                  TokenObject {
                    "end": 59,
                    "flags": 0,
                    "kind": 18,
                    "parent": [Circular],
                    "pos": 57,
                  },
                ],
                "end": 59,
                "flags": 0,
                "kind": 207,
                "parent": [Circular],
                "pos": 55,
                "statements": Array [],
                "transformFlags": undefined,
              },
            ],
            "asteriskToken": undefined,
            "body": NodeObject {
              "_children": Array [
                TokenObject {
                  "end": 57,
                  "flags": 0,
                  "kind": 17,
                  "parent": [Circular],
                  "pos": 55,
                },
                NodeObject {
                  "_children": Array [],
                  "end": 57,
                  "flags": 0,
                  "kind": 295,
                  "parent": [Circular],
                  "pos": 57,
                  "transformFlags": undefined,
                },
                TokenObject {
                  "end": 59,
                  "flags": 0,
                  "kind": 18,
                  "parent": [Circular],
                  "pos": 57,
                },
              ],
              "end": 59,
              "flags": 0,
              "kind": 207,
              "parent": [Circular],
              "pos": 55,
              "statements": Array [],
              "transformFlags": undefined,
            },
            "decorators": undefined,
            "end": 59,
            "flags": 0,
            "kind": 151,
            "modifierFlagsCache": 536870916,
            "modifiers": Array [
              TokenObject {
                "end": 35,
                "flags": 0,
                "kind": 114,
                "parent": [Circular],
                "pos": 23,
              },
            ],
            "name": IdentifierObject {
              "end": 47,
              "flags": 0,
              "parent": [Circular],
              "pos": 35,
              "text": "doSomething",
            },
            "parameters": Array [],
            "parent": NodeObject {
              "_children": Array [
                NodeObject {
                  "_children": Array [
                    TokenObject {
                      "end": 7,
                      "flags": 0,
                      "kind": 84,
                      "parent": [Circular],
                      "pos": 0,
                    },
                  ],
                  "end": 7,
                  "flags": 0,
                  "kind": 295,
                  "parent": [Circular],
                  "pos": 0,
                  "transformFlags": undefined,
                },
                TokenObject {
                  "end": 13,
                  "flags": 0,
                  "kind": 75,
                  "parent": [Circular],
                  "pos": 7,
                },
                IdentifierObject {
                  "end": 21,
                  "flags": 0,
                  "parent": [Circular],
                  "pos": 13,
                  "text": "MyClass",
                },
                TokenObject {
                  "end": 23,
                  "flags": 0,
                  "kind": 17,
                  "parent": [Circular],
                  "pos": 21,
                },
                NodeObject {
                  "_children": Array [
                    [Circular],
                  ],
                  "end": 59,
                  "flags": 0,
                  "kind": 295,
                  "parent": [Circular],
                  "pos": 23,
                  "transformFlags": undefined,
                },
                TokenObject {
                  "end": 61,
                  "flags": 0,
                  "kind": 18,
                  "parent": [Circular],
                  "pos": 59,
                },
              ],
              "decorators": undefined,
              "end": 61,
              "flags": 0,
              "heritageClauses": undefined,
              "kind": 229,
              "members": Array [
                [Circular],
              ],
              "modifierFlagsCache": 536870913,
              "modifiers": Array [
                TokenObject {
                  "end": 7,
                  "flags": 0,
                  "kind": 84,
                  "parent": [Circular],
                  "pos": 0,
                },
              ],
              "name": IdentifierObject {
                "end": 21,
                "flags": 0,
                "parent": [Circular],
                "pos": 13,
                "text": "MyClass",
              },
              "parent": SourceFileObject {
                "_children": Array [
                  NodeObject {
                    "_children": Array [
                      [Circular],
                    ],
                    "end": 61,
                    "flags": 0,
                    "kind": 295,
                    "parent": [Circular],
                    "pos": 0,
                    "transformFlags": undefined,
                  },
                  TokenObject {
                    "end": 62,
                    "flags": 0,
                    "kind": 1,
                    "parent": [Circular],
                    "pos": 61,
                  },
                ],
                "amdDependencies": Array [],
                "bindDiagnostics": Array [],
                "checkJsDirective": undefined,
                "end": 62,
                "endOfFileToken": TokenObject {
                  "end": 62,
                  "flags": 0,
                  "kind": 1,
                  "parent": [Circular],
                  "pos": 61,
                },
                "externalModuleIndicator": [Circular],
                "fileName": "d:/projects/typescript-parser-ryanfuse/test/_workspace/declaration-index/specific-cases/reindex-with-global-module-export/classes.ts",
                "flags": 0,
                "identifierCount": 2,
                "identifiers": Map {
                  "MyClass" => "MyClass",
                  "doSomething" => "doSomething",
                },
                "isDeclarationFile": false,
                "kind": 265,
                "languageVariant": 0,
                "languageVersion": 2,
                "moduleName": undefined,
                "nodeCount": 10,
                "parent": undefined,
                "parseDiagnostics": Array [],
                "pos": 0,
                "referencedFiles": Array [],
                "scriptKind": 3,
                "statements": Array [
                  [Circular],
                ],
                "text": "
export class MyClass { 
    public doSomething(): void { }
}
",
                "transformFlags": undefined,
                "typeReferenceDirectives": Array [],
              },
              "pos": 0,
              "transformFlags": undefined,
              "typeParameters": undefined,
            },
            "pos": 23,
            "questionToken": undefined,
            "transformFlags": undefined,
            "type": TokenObject {
              "end": 55,
              "flags": 0,
              "kind": 105,
              "parent": [Circular],
              "pos": 50,
            },
            "typeParameters": undefined,
          },
          "type": "void",
          "variables": Array [],
          "visibility": 2,
        },
      ],
      "name": "MyClass",
      "properties": Array [],
      "start": 1,
      "tsNode": NodeObject {
        "_children": Array [
          NodeObject {
            "_children": Array [
              TokenObject {
                "end": 7,
                "flags": 0,
                "kind": 84,
                "parent": [Circular],
                "pos": 0,
              },
            ],
            "end": 7,
            "flags": 0,
            "kind": 295,
            "parent": [Circular],
            "pos": 0,
            "transformFlags": undefined,
          },
          TokenObject {
            "end": 13,
            "flags": 0,
            "kind": 75,
            "parent": [Circular],
            "pos": 7,
          },
          IdentifierObject {
            "end": 21,
            "flags": 0,
            "parent": [Circular],
            "pos": 13,
            "text": "MyClass",
          },
          TokenObject {
            "end": 23,
            "flags": 0,
            "kind": 17,
            "parent": [Circular],
            "pos": 21,
          },
          NodeObject {
            "_children": Array [
              NodeObject {
                "_children": Array [
                  NodeObject {
                    "_children": Array [
                      TokenObject {
                        "end": 35,
                        "flags": 0,
                        "kind": 114,
                        "parent": [Circular],
                        "pos": 23,
                      },
                    ],
                    "end": 35,
                    "flags": 0,
                    "kind": 295,
                    "parent": [Circular],
                    "pos": 23,
                    "transformFlags": undefined,
                  },
                  IdentifierObject {
                    "end": 47,
                    "flags": 0,
                    "parent": [Circular],
                    "pos": 35,
                    "text": "doSomething",
                  },
                  TokenObject {
                    "end": 48,
                    "flags": 0,
                    "kind": 19,
                    "parent": [Circular],
                    "pos": 47,
                  },
                  NodeObject {
                    "_children": Array [],
                    "end": 48,
                    "flags": 0,
                    "kind": 295,
                    "parent": [Circular],
                    "pos": 48,
                    "transformFlags": undefined,
                  },
                  TokenObject {
                    "end": 49,
                    "flags": 0,
                    "kind": 20,
                    "parent": [Circular],
                    "pos": 48,
                  },
                  TokenObject {
                    "end": 50,
                    "flags": 0,
                    "kind": 56,
                    "parent": [Circular],
                    "pos": 49,
                  },
                  TokenObject {
                    "end": 55,
                    "flags": 0,
                    "kind": 105,
                    "parent": [Circular],
                    "pos": 50,
                  },
                  NodeObject {
                    "_children": Array [
                      TokenObject {
                        "end": 57,
                        "flags": 0,
                        "kind": 17,
                        "parent": [Circular],
                        "pos": 55,
                      },
                      NodeObject {
                        "_children": Array [],
                        "end": 57,
                        "flags": 0,
                        "kind": 295,
                        "parent": [Circular],
                        "pos": 57,
                        "transformFlags": undefined,
                      },
                      TokenObject {
                        "end": 59,
                        "flags": 0,
                        "kind": 18,
                        "parent": [Circular],
                        "pos": 57,
                      },
                    ],
                    "end": 59,
                    "flags": 0,
                    "kind": 207,
                    "parent": [Circular],
                    "pos": 55,
                    "statements": Array [],
                    "transformFlags": undefined,
                  },
                ],
                "asteriskToken": undefined,
                "body": NodeObject {
                  "_children": Array [
                    TokenObject {
                      "end": 57,
                      "flags": 0,
                      "kind": 17,
                      "parent": [Circular],
                      "pos": 55,
                    },
                    NodeObject {
                      "_children": Array [],
                      "end": 57,
                      "flags": 0,
                      "kind": 295,
                      "parent": [Circular],
                      "pos": 57,
                      "transformFlags": undefined,
                    },
                    TokenObject {
                      "end": 59,
                      "flags": 0,
                      "kind": 18,
                      "parent": [Circular],
                      "pos": 57,
                    },
                  ],
                  "end": 59,
                  "flags": 0,
                  "kind": 207,
                  "parent": [Circular],
                  "pos": 55,
                  "statements": Array [],
                  "transformFlags": undefined,
                },
                "decorators": undefined,
                "end": 59,
                "flags": 0,
                "kind": 151,
                "modifierFlagsCache": 536870916,
                "modifiers": Array [
                  TokenObject {
                    "end": 35,
                    "flags": 0,
                    "kind": 114,
                    "parent": [Circular],
                    "pos": 23,
                  },
                ],
                "name": IdentifierObject {
                  "end": 47,
                  "flags": 0,
                  "parent": [Circular],
                  "pos": 35,
                  "text": "doSomething",
                },
                "parameters": Array [],
                "parent": [Circular],
                "pos": 23,
                "questionToken": undefined,
                "transformFlags": undefined,
                "type": TokenObject {
                  "end": 55,
                  "flags": 0,
                  "kind": 105,
                  "parent": [Circular],
                  "pos": 50,
                },
                "typeParameters": undefined,
              },
            ],
            "end": 59,
            "flags": 0,
            "kind": 295,
            "parent": [Circular],
            "pos": 23,
            "transformFlags": undefined,
          },
          TokenObject {
            "end": 61,
            "flags": 0,
            "kind": 18,
            "parent": [Circular],
            "pos": 59,
          },
        ],
        "decorators": undefined,
        "end": 61,
        "flags": 0,
        "heritageClauses": undefined,
        "kind": 229,
        "members": Array [
          NodeObject {
            "_children": Array [
              NodeObject {
                "_children": Array [
                  TokenObject {
                    "end": 35,
                    "flags": 0,
                    "kind": 114,
                    "parent": [Circular],
                    "pos": 23,
                  },
                ],
                "end": 35,
                "flags": 0,
                "kind": 295,
                "parent": [Circular],
                "pos": 23,
                "transformFlags": undefined,
              },
              IdentifierObject {
                "end": 47,
                "flags": 0,
                "parent": [Circular],
                "pos": 35,
                "text": "doSomething",
              },
              TokenObject {
                "end": 48,
                "flags": 0,
                "kind": 19,
                "parent": [Circular],
                "pos": 47,
              },
              NodeObject {
                "_children": Array [],
                "end": 48,
                "flags": 0,
                "kind": 295,
                "parent": [Circular],
                "pos": 48,
                "transformFlags": undefined,
              },
              TokenObject {
                "end": 49,
                "flags": 0,
                "kind": 20,
                "parent": [Circular],
                "pos": 48,
              },
              TokenObject {
                "end": 50,
                "flags": 0,
                "kind": 56,
                "parent": [Circular],
                "pos": 49,
              },
              TokenObject {
                "end": 55,
                "flags": 0,
                "kind": 105,
                "parent": [Circular],
                "pos": 50,
              },
              NodeObject {
                "_children": Array [
                  TokenObject {
                    "end": 57,
                    "flags": 0,
                    "kind": 17,
                    "parent": [Circular],
                    "pos": 55,
                  },
                  NodeObject {
                    "_children": Array [],
                    "end": 57,
                    "flags": 0,
                    "kind": 295,
                    "parent": [Circular],
                    "pos": 57,
                    "transformFlags": undefined,
                  },
                  TokenObject {
                    "end": 59,
                    "flags": 0,
                    "kind": 18,
                    "parent": [Circular],
                    "pos": 57,
                  },
                ],
                "end": 59,
                "flags": 0,
                "kind": 207,
                "parent": [Circular],
                "pos": 55,
                "statements": Array [],
                "transformFlags": undefined,
              },
            ],
            "asteriskToken": undefined,
            "body": NodeObject {
              "_children": Array [
                TokenObject {
                  "end": 57,
                  "flags": 0,
                  "kind": 17,
                  "parent": [Circular],
                  "pos": 55,
                },
                NodeObject {
                  "_children": Array [],
                  "end": 57,
                  "flags": 0,
                  "kind": 295,
                  "parent": [Circular],
                  "pos": 57,
                  "transformFlags": undefined,
                },
                TokenObject {
                  "end": 59,
                  "flags": 0,
                  "kind": 18,
                  "parent": [Circular],
                  "pos": 57,
                },
              ],
              "end": 59,
              "flags": 0,
              "kind": 207,
              "parent": [Circular],
              "pos": 55,
              "statements": Array [],
              "transformFlags": undefined,
            },
            "decorators": undefined,
            "end": 59,
            "flags": 0,
            "kind": 151,
            "modifierFlagsCache": 536870916,
            "modifiers": Array [
              TokenObject {
                "end": 35,
                "flags": 0,
                "kind": 114,
                "parent": [Circular],
                "pos": 23,
              },
            ],
            "name": IdentifierObject {
              "end": 47,
              "flags": 0,
              "parent": [Circular],
              "pos": 35,
              "text": "doSomething",
            },
            "parameters": Array [],
            "parent": [Circular],
            "pos": 23,
            "questionToken": undefined,
            "transformFlags": undefined,
            "type": TokenObject {
              "end": 55,
              "flags": 0,
              "kind": 105,
              "parent": [Circular],
              "pos": 50,
            },
            "typeParameters": undefined,
          },
        ],
        "modifierFlagsCache": 536870913,
        "modifiers": Array [
          TokenObject {
            "end": 7,
            "flags": 0,
            "kind": 84,
            "parent": [Circular],
            "pos": 0,
          },
        ],
        "name": IdentifierObject {
          "end": 21,
          "flags": 0,
          "parent": [Circular],
          "pos": 13,
          "text": "MyClass",
        },
        "parent": SourceFileObject {
          "_children": Array [
            NodeObject {
              "_children": Array [
                [Circular],
              ],
              "end": 61,
              "flags": 0,
              "kind": 295,
              "parent": [Circular],
              "pos": 0,
              "transformFlags": undefined,
            },
            TokenObject {
              "end": 62,
              "flags": 0,
              "kind": 1,
              "parent": [Circular],
              "pos": 61,
            },
          ],
          "amdDependencies": Array [],
          "bindDiagnostics": Array [],
          "checkJsDirective": undefined,
          "end": 62,
          "endOfFileToken": TokenObject {
            "end": 62,
            "flags": 0,
            "kind": 1,
            "parent": [Circular],
            "pos": 61,
          },
          "externalModuleIndicator": [Circular],
          "fileName": "d:/projects/typescript-parser-ryanfuse/test/_workspace/declaration-index/specific-cases/reindex-with-global-module-export/classes.ts",
          "flags": 0,
          "identifierCount": 2,
          "identifiers": Map {
            "MyClass" => "MyClass",
            "doSomething" => "doSomething",
          },
          "isDeclarationFile": false,
          "kind": 265,
          "languageVariant": 0,
          "languageVersion": 2,
          "moduleName": undefined,
          "nodeCount": 10,
          "parent": undefined,
          "parseDiagnostics": Array [],
          "pos": 0,
          "referencedFiles": Array [],
          "scriptKind": 3,
          "statements": Array [
            [Circular],
          ],
          "text": "
export class MyClass { 
    public doSomething(): void { }
}
",
          "transformFlags": undefined,
          "typeReferenceDirectives": Array [],
        },
        "pos": 0,
        "transformFlags": undefined,
        "typeParameters": undefined,
      },
    },
    "from": "/classes",
  },
]
`;
